====================================
   DevOpsV2 1.0: ./test-suite.log
====================================

# TOTAL: 1
# PASS:  0
# SKIP:  0
# XFAIL: 0
# FAIL:  1
# XPASS: 0
# ERROR: 0

.. contents:: :depth: 2

FAIL: test_func_a
=================

cos(0) calculated value: 1
cos(pi) calculated value: -1
cos(pi/2) calculated value: 6.41854e-17
Calculation and sorting time: 21786 milliseconds
test_func_a: unitTest.cpp:37: void test_calculation_time(): Assertion `iMS >= 5000 && iMS <= 20000' failed.
FAIL test_func_a (exit status: 134)

